ok hh-1 -> C:\Users\sebastian\Desktop\Coding\Tools\FloorplanMaker\tools\base5
AutoBuild placed 37 rooms · hallways filled in (2 pieces) · Compass placed · 8 need a look
validation: 16
ok hh-2 -> C:\Users\sebastian\Desktop\Coding\Tools\FloorplanMaker\tools\base5
AutoBuild placed 19 rooms · Compass placed · 9 need a look
validation: 6
ok cb-11 -> C:\Users\sebastian\Desktop\Coding\Tools\FloorplanMaker\tools\base5
AutoBuild placed 38 rooms · hallways filled in (21 pieces) · Compass placed · 13 need a look
validation: 12
ok cb-12 -> C:\Users\sebastian\Desktop\Coding\Tools\FloorplanMaker\tools\base5
AutoBuild placed 20 rooms · hallways filled in (2 pieces) · No compass found - add it from the palette · 3 need a look
validation: 6
ok cb-13 -> C:\Users\sebastian\Desktop\Coding\Tools\FloorplanMaker\tools\base5
AutoBuild placed 16 rooms · hallways filled in (12 pieces) · Compass placed · 13 need a look
validation: 4
ok cb-14 -> C:\Users\sebastian\Desktop\Coding\Tools\FloorplanMaker\tools\base5
AutoBuild placed 7 rooms · hallways filled in (2 pieces) · Compass placed · 4 need a look
validation: 0
ok cb-21 -> C:\Users\sebastian\Desktop\Coding\Tools\FloorplanMaker\tools\base5
AutoBuild placed 19 rooms · hallways filled in (2 pieces) · Compass placed · 4 need a look
validation: 6
ok cb-22 -> C:\Users\sebastian\Desktop\Coding\Tools\FloorplanMaker\tools\base5
AutoBuild placed 20 rooms · hallways filled in (10 pieces) · Compass placed · 6 need a look
validation: 6
ok cb-23 -> C:\Users\sebastian\Desktop\Coding\Tools\FloorplanMaker\tools\base5
AutoBuild placed 24 rooms · hallways filled in (7 pieces) · Compass placed · 23 need a look
validation: 16
ok cb-31 -> C:\Users\sebastian\Desktop\Coding\Tools\FloorplanMaker\tools\base5
AutoBuild placed 76 rooms · hallways filled in (3 pieces) · No compass found - add it from the palette · 65 need a look
validation: 74
ok cb-32 -> C:\Users\sebastian\Desktop\Coding\Tools\FloorplanMaker\tools\base5
AutoBuild placed 28 rooms · hallways filled in (21 pieces) · Compass placed · 21 need a look
validation: 14
ok gn-1 -> C:\Users\sebastian\Desktop\Coding\Tools\FloorplanMaker\tools\base5
AutoBuild placed 52 rooms · hallways filled in (3 pieces) · Compass placed · 9 need a look
validation: 9
ok gn-2 -> C:\Users\sebastian\Desktop\Coding\Tools\FloorplanMaker\tools\base5
AutoBuild placed 39 rooms · hallways filled in (28 pieces) · Compass placed · 4 need a look
validation: 3
ok bx-1 -> C:\Users\sebastian\Desktop\Coding\Tools\FloorplanMaker\tools\base5
AutoBuild placed 12 rooms · hallways filled in (4 pieces) · Compass placed · 7 need a look
validation: 7
ok rh-1 -> C:\Users\sebastian\Desktop\Coding\Tools\FloorplanMaker\tools\base5
AutoBuild placed 12 rooms · Compass placed · 2 need a look
validation: 4
