ok hh-1 -> C:\Users\sebastian\Desktop\Coding\Tools\FloorplanMaker\tools\base8
AutoBuild placed 42 rooms · hallways filled in (14 pieces) · Compass placed · 15 need a look
validation: 16
ok hh-2 -> C:\Users\sebastian\Desktop\Coding\Tools\FloorplanMaker\tools\base8
AutoBuild placed 20 rooms · hallways filled in (13 pieces) · Compass placed · 9 need a look
validation: 6
ok cb-11 -> C:\Users\sebastian\Desktop\Coding\Tools\FloorplanMaker\tools\base8
AutoBuild placed 39 rooms · hallways filled in (26 pieces) · Compass placed · 14 need a look
validation: 12
ok cb-12 -> C:\Users\sebastian\Desktop\Coding\Tools\FloorplanMaker\tools\base8
AutoBuild placed 19 rooms · hallways filled in (4 pieces) · No compass found - add it from the palette · 2 need a look
validation: 4
ok cb-13 -> C:\Users\sebastian\Desktop\Coding\Tools\FloorplanMaker\tools\base8
AutoBuild placed 15 rooms · hallways filled in (14 pieces) · No compass found - add it from the palette · 11 need a look
validation: 3
ok cb-14 -> C:\Users\sebastian\Desktop\Coding\Tools\FloorplanMaker\tools\base8
AutoBuild placed 7 rooms · hallways filled in (2 pieces) · Compass placed · 4 need a look
validation: 0
ok cb-21 -> C:\Users\sebastian\Desktop\Coding\Tools\FloorplanMaker\tools\base8
AutoBuild placed 19 rooms · hallways filled in (2 pieces) · Compass placed · 4 need a look
validation: 6
ok cb-22 -> C:\Users\sebastian\Desktop\Coding\Tools\FloorplanMaker\tools\base8
AutoBuild placed 19 rooms · hallways filled in (6 pieces) · Compass placed · 6 need a look
validation: 8
ok cb-23 -> C:\Users\sebastian\Desktop\Coding\Tools\FloorplanMaker\tools\base8
AutoBuild placed 25 rooms · hallways filled in (6 pieces) · Compass placed · 23 need a look
validation: 7
ok cb-31 -> C:\Users\sebastian\Desktop\Coding\Tools\FloorplanMaker\tools\base8
AutoBuild placed 20 rooms · hallways filled in (8 pieces) · Compass placed · 8 need a look
validation: 4
ok cb-32 -> C:\Users\sebastian\Desktop\Coding\Tools\FloorplanMaker\tools\base8
AutoBuild placed 28 rooms · hallways filled in (21 pieces) · Compass placed · 21 need a look
validation: 14
ok gn-1 -> C:\Users\sebastian\Desktop\Coding\Tools\FloorplanMaker\tools\base8
AutoBuild placed 62 rooms · hallways filled in (9 pieces) · Compass placed · 15 need a look
validation: 16
ok gn-2 -> C:\Users\sebastian\Desktop\Coding\Tools\FloorplanMaker\tools\base8
AutoBuild placed 43 rooms · hallways filled in (9 pieces) · Compass placed · 7 need a look
validation: 7
ok bx-1 -> C:\Users\sebastian\Desktop\Coding\Tools\FloorplanMaker\tools\base8
AutoBuild placed 17 rooms · hallways filled in (4 pieces) · Compass placed · 11 need a look
validation: 3
ok rh-1 -> C:\Users\sebastian\Desktop\Coding\Tools\FloorplanMaker\tools\base8
AutoBuild placed 23 rooms · hallways filled in (6 pieces) · Compass placed · 7 need a look
validation: 6
