ok hh-1 -> C:\Users\sebastian\Desktop\Coding\Tools\FloorplanMaker\tools\final2
AutoBuild placed 42 rooms · hallways filled in (14 pieces) · Compass placed · 15 need a look
validation: 16
ok hh-2 -> C:\Users\sebastian\Desktop\Coding\Tools\FloorplanMaker\tools\final2
AutoBuild placed 20 rooms · hallways filled in (13 pieces) · Compass placed · 9 need a look
validation: 6
ok cb-1 -> C:\Users\sebastian\Desktop\Coding\Tools\FloorplanMaker\tools\final2
AutoBuild joined 4 photos: 81 rooms · Photo 3 was joined to the others by its hallway; check the join. · 37 need a look
validation: 36
ok cb-2 -> C:\Users\sebastian\Desktop\Coding\Tools\FloorplanMaker\tools\final2
AutoBuild joined 3 photos: 55 rooms · Photo 2 was joined by a single shared room; check the join. · 31 need a look
validation: 16
ok cb-3 -> C:\Users\sebastian\Desktop\Coding\Tools\FloorplanMaker\tools\final2
AutoBuild joined 2 photos: 44 rooms · Photo 2 was joined by a single shared room; check the join. · 28 need a look
validation: 17
ok gn-1 -> C:\Users\sebastian\Desktop\Coding\Tools\FloorplanMaker\tools\final2
AutoBuild placed 62 rooms · hallways filled in (9 pieces) · Compass placed · 15 need a look
validation: 16
ok gn-2 -> C:\Users\sebastian\Desktop\Coding\Tools\FloorplanMaker\tools\final2
AutoBuild placed 43 rooms · hallways filled in (9 pieces) · Compass placed · 7 need a look
validation: 7
ok bx-1 -> C:\Users\sebastian\Desktop\Coding\Tools\FloorplanMaker\tools\final2
AutoBuild placed 9 rooms · hallways filled in (1 piece) · Compass placed · 3 need a look
validation: 4
ok rh-1 -> C:\Users\sebastian\Desktop\Coding\Tools\FloorplanMaker\tools\final2
AutoBuild placed 22 rooms · hallways filled in (4 pieces) · Compass placed · 6 need a look
validation: 6
